C:/TouchGFXProjects/TetrisGame/Core/Src/main.c:1066:13:SPI5_Write	16	static
C:/TouchGFXProjects/TetrisGame/Core/Src/main.c:1178:6:StartDefaultTask	8	static
C:/TouchGFXProjects/TetrisGame/Core/Src/main.c:1222:6:StartInputTask	48	static
C:/TouchGFXProjects/TetrisGame/Core/Src/main.c:1296:6:StartSoundTask	32	static
C:/TouchGFXProjects/TetrisGame/Core/Src/main.c:317:6:SystemClock_Config	96	static
C:/TouchGFXProjects/TetrisGame/Core/Src/main.c:202:5:main	160	static
C:/TouchGFXProjects/TetrisGame/Core/Src/main.c:841:6:ShuffleBag	32	static
C:/TouchGFXProjects/TetrisGame/Core/Src/main.c:1196:6:StartGameTask	16	static
C:/TouchGFXProjects/TetrisGame/Core/Src/main.c:910:6:IOE_Init	0	static
C:/TouchGFXProjects/TetrisGame/Core/Src/main.c:919:6:IOE_ITConfig	0	static
C:/TouchGFXProjects/TetrisGame/Core/Src/main.c:931:6:IOE_Write	32	static
C:/TouchGFXProjects/TetrisGame/Core/Src/main.c:942:9:IOE_Read	32	static
C:/TouchGFXProjects/TetrisGame/Core/Src/main.c:955:10:IOE_ReadMultiple	24	static
C:/TouchGFXProjects/TetrisGame/Core/Src/main.c:964:6:IOE_Delay	0	static
C:/TouchGFXProjects/TetrisGame/Core/Src/main.c:1092:6:LCD_IO_Init	8	static
C:/TouchGFXProjects/TetrisGame/Core/Src/main.c:1102:6:LCD_IO_WriteData	16	static
C:/TouchGFXProjects/TetrisGame/Core/Src/main.c:1118:6:LCD_IO_WriteReg	16	static
C:/TouchGFXProjects/TetrisGame/Core/Src/main.c:1137:10:LCD_IO_ReadData	32	static
C:/TouchGFXProjects/TetrisGame/Core/Src/main.c:1164:6:LCD_Delay	0	static
C:/TouchGFXProjects/TetrisGame/Core/Src/main.c:1351:6:HAL_TIM_PeriodElapsedCallback	0	static
C:/TouchGFXProjects/TetrisGame/Core/Src/main.c:1369:6:Error_Handler	0	static
