C:/TouchGFXProjects/TetrisGame/Core/Src/stm32f4xx_hal_msp.c:66:6:HAL_MspInit	8	static
C:/TouchGFXProjects/TetrisGame/Core/Src/stm32f4xx_hal_msp.c:91:6:HAL_CRC_MspInit	8	static
C:/TouchGFXProjects/TetrisGame/Core/Src/stm32f4xx_hal_msp.c:114:6:HAL_CRC_MspDeInit	0	static
C:/TouchGFXProjects/TetrisGame/Core/Src/stm32f4xx_hal_msp.c:136:6:HAL_DMA2D_MspInit	16	static
C:/TouchGFXProjects/TetrisGame/Core/Src/stm32f4xx_hal_msp.c:162:6:HAL_DMA2D_MspDeInit	0	static
C:/TouchGFXProjects/TetrisGame/Core/Src/stm32f4xx_hal_msp.c:187:6:HAL_I2C_MspInit	64	static
C:/TouchGFXProjects/TetrisGame/Core/Src/stm32f4xx_hal_msp.c:236:6:HAL_I2C_MspDeInit	8	static
C:/TouchGFXProjects/TetrisGame/Core/Src/stm32f4xx_hal_msp.c:267:6:HAL_LTDC_MspInit	120	static
C:/TouchGFXProjects/TetrisGame/Core/Src/stm32f4xx_hal_msp.c:393:6:HAL_LTDC_MspDeInit	8	static
C:/TouchGFXProjects/TetrisGame/Core/Src/stm32f4xx_hal_msp.c:455:6:HAL_RNG_MspInit	8	static
C:/TouchGFXProjects/TetrisGame/Core/Src/stm32f4xx_hal_msp.c:478:6:HAL_RNG_MspDeInit	0	static
C:/TouchGFXProjects/TetrisGame/Core/Src/stm32f4xx_hal_msp.c:500:6:HAL_SPI_MspInit	40	static
C:/TouchGFXProjects/TetrisGame/Core/Src/stm32f4xx_hal_msp.c:538:6:HAL_SPI_MspDeInit	0	static
C:/TouchGFXProjects/TetrisGame/Core/Src/stm32f4xx_hal_msp.c:568:6:HAL_TIM_Base_MspInit	8	static
C:/TouchGFXProjects/TetrisGame/Core/Src/stm32f4xx_hal_msp.c:585:6:HAL_TIM_MspPostInit	32	static
C:/TouchGFXProjects/TetrisGame/Core/Src/stm32f4xx_hal_msp.c:617:6:HAL_TIM_Base_MspDeInit	0	static
C:/TouchGFXProjects/TetrisGame/Core/Src/stm32f4xx_hal_msp.c:741:6:HAL_SDRAM_MspInit	48	static
C:/TouchGFXProjects/TetrisGame/Core/Src/stm32f4xx_hal_msp.c:827:6:HAL_SDRAM_MspDeInit	8	static
