C:/TouchGFXProjects/TetrisGame/Core/Src/main.c:1036:13:SPI5_Write	16	static
C:/TouchGFXProjects/TetrisGame/Core/Src/main.c:1148:6:StartDefaultTask	8	static
C:/TouchGFXProjects/TetrisGame/Core/Src/main.c:1166:6:StartGameTask	16	static
C:/TouchGFXProjects/TetrisGame/Core/Src/main.c:1190:6:StartInputTask	48	static
C:/TouchGFXProjects/TetrisGame/Core/Src/main.c:1254:6:StartSoundTask	32	static
C:/TouchGFXProjects/TetrisGame/Core/Src/main.c:317:6:SystemClock_Config	96	static
C:/TouchGFXProjects/TetrisGame/Core/Src/main.c:202:5:main	160	static
C:/TouchGFXProjects/TetrisGame/Core/Src/main.c:880:6:IOE_Init	0	static
C:/TouchGFXProjects/TetrisGame/Core/Src/main.c:889:6:IOE_ITConfig	0	static
C:/TouchGFXProjects/TetrisGame/Core/Src/main.c:901:6:IOE_Write	32	static
C:/TouchGFXProjects/TetrisGame/Core/Src/main.c:912:9:IOE_Read	32	static
C:/TouchGFXProjects/TetrisGame/Core/Src/main.c:925:10:IOE_ReadMultiple	24	static
C:/TouchGFXProjects/TetrisGame/Core/Src/main.c:934:6:IOE_Delay	0	static
C:/TouchGFXProjects/TetrisGame/Core/Src/main.c:1062:6:LCD_IO_Init	8	static
C:/TouchGFXProjects/TetrisGame/Core/Src/main.c:1072:6:LCD_IO_WriteData	16	static
C:/TouchGFXProjects/TetrisGame/Core/Src/main.c:1088:6:LCD_IO_WriteReg	16	static
C:/TouchGFXProjects/TetrisGame/Core/Src/main.c:1107:10:LCD_IO_ReadData	32	static
C:/TouchGFXProjects/TetrisGame/Core/Src/main.c:1134:6:LCD_Delay	0	static
C:/TouchGFXProjects/TetrisGame/Core/Src/main.c:1309:6:HAL_TIM_PeriodElapsedCallback	0	static
C:/TouchGFXProjects/TetrisGame/Core/Src/main.c:1327:6:Error_Handler	0	static
