../../Middlewares/ST/touchgfx/framework/include/touchgfx/Screen.hpp:104:18:virtual void touchgfx::Screen::afterTransition()	0	static
../../Middlewares/ST/touchgfx/framework/include/touchgfx/Screen.hpp:144:18:virtual void touchgfx::Screen::handleTickEvent()	0	static
../../Middlewares/ST/touchgfx/framework/include/touchgfx/Screen.hpp:154:18:virtual void touchgfx::Screen::handleKeyEvent(uint8_t)	0	static
C:/TouchGFXProjects/TetrisGame/TouchGFX/gui/src/screen0_screen/Screen0View.cpp:13:6:virtual void Screen0View::tearDownScreen()	0	static
../../TouchGFX/gui/include/gui/screen0_screen/Screen0View.hpp:11:13:Screen0View::~Screen0View()	8	static
../../TouchGFX/gui/include/gui/screen0_screen/Screen0View.hpp:11:13:virtual Screen0View::~Screen0View()	8	static
C:/TouchGFXProjects/TetrisGame/TouchGFX/gui/src/screen0_screen/Screen0View.cpp:3:1:Screen0View::Screen0View()	8	static
C:/TouchGFXProjects/TetrisGame/TouchGFX/gui/src/screen0_screen/Screen0View.cpp:8:6:virtual void Screen0View::setupScreen()	0	static
