../../Middlewares/ST/touchgfx/framework/include/touchgfx/Drawable.hpp:147:23:virtual touchgfx::Drawable* touchgfx::Drawable::getFirstChild()	0	static
../../Middlewares/ST/touchgfx/framework/include/touchgfx/Drawable.hpp:315:18:virtual void touchgfx::Drawable::setX(int16_t)	0	static
../../Middlewares/ST/touchgfx/framework/include/touchgfx/Drawable.hpp:327:18:virtual void touchgfx::Drawable::setY(int16_t)	0	static
../../Middlewares/ST/touchgfx/framework/include/touchgfx/Drawable.hpp:356:18:virtual void touchgfx::Drawable::setWidth(int16_t)	0	static
../../Middlewares/ST/touchgfx/framework/include/touchgfx/Drawable.hpp:368:18:virtual void touchgfx::Drawable::setHeight(int16_t)	0	static
../../Middlewares/ST/touchgfx/framework/include/touchgfx/Drawable.hpp:378:18:virtual void touchgfx::Drawable::childGeometryChanged()	0	static
../../Middlewares/ST/touchgfx/framework/include/touchgfx/Drawable.hpp:389:18:virtual void touchgfx::Drawable::handleClickEvent(const touchgfx::ClickEvent&)	0	static
../../Middlewares/ST/touchgfx/framework/include/touchgfx/Drawable.hpp:401:18:virtual void touchgfx::Drawable::handleGestureEvent(const touchgfx::GestureEvent&)	0	static
../../Middlewares/ST/touchgfx/framework/include/touchgfx/Drawable.hpp:490:18:virtual void touchgfx::Drawable::handleDragEvent(const touchgfx::DragEvent&)	0	static
../../Middlewares/ST/touchgfx/framework/include/touchgfx/Drawable.hpp:501:18:virtual void touchgfx::Drawable::handleTickEvent()	0	static
../../Middlewares/ST/touchgfx/framework/include/touchgfx/Drawable.hpp:588:18:virtual void touchgfx::Drawable::moveTo(int16_t, int16_t)	4	static
../../Middlewares/ST/touchgfx/framework/include/touchgfx/Drawable.hpp:703:18:virtual void touchgfx::Drawable::setupDrawChain(const touchgfx::Rect&, touchgfx::Drawable**)	0	static
../../Middlewares/ST/touchgfx/framework/include/touchgfx/Screen.hpp:104:18:virtual void touchgfx::Screen::afterTransition()	0	static
../../Middlewares/ST/touchgfx/framework/include/touchgfx/Screen.hpp:154:18:virtual void touchgfx::Screen::handleKeyEvent(uint8_t)	0	static
C:/TouchGFXProjects/TetrisGame/TouchGFX/gui/src/screen1_screen/Screen1View.cpp:92:6:virtual void Screen1View::tearDownScreen()	0	static
C:/TouchGFXProjects/TetrisGame/TouchGFX/gui/src/screen1_screen/Screen1View.cpp:80:1:Screen1View::~Screen1View()	16	static
C:/TouchGFXProjects/TetrisGame/TouchGFX/gui/src/screen1_screen/Screen1View.cpp:80:1:virtual Screen1View::~Screen1View()	8	static
../../Middlewares/ST/touchgfx/framework/include/touchgfx/Drawable.hpp:121:18:virtual void touchgfx::Drawable::invalidateContent() const	0	static
../../Middlewares/ST/touchgfx/framework/include/touchgfx/widgets/Widget.hpp:45:18:virtual void touchgfx::Widget::getLastChild(int16_t, int16_t, touchgfx::Drawable**)	0	static
C:/TouchGFXProjects/TetrisGame/TouchGFX/gui/src/screen1_screen/Screen1View.cpp:708:6:void Screen1View::playSound(uint8_t, uint16_t)	16	static
../../Middlewares/ST/touchgfx/framework/include/touchgfx/Drawable.hpp:343:10:void touchgfx::Drawable::setXY(int16_t, int16_t)	16	static
../../Middlewares/ST/touchgfx/framework/include/touchgfx/Drawable.hpp:413:10:void touchgfx::Drawable::setWidthHeight(int16_t, int16_t)	16	static
../../Middlewares/ST/touchgfx/framework/include/touchgfx/widgets/Box.hpp:33:5:touchgfx::Box::Box()	0	static
C:/TouchGFXProjects/TetrisGame/TouchGFX/gui/src/screen1_screen/Screen1View.cpp:290:6:void Screen1View::startLineClearEffect(int*, int)	40	static
C:/TouchGFXProjects/TetrisGame/TouchGFX/gui/src/screen1_screen/Screen1View.cpp:366:6:void Screen1View::startGameOverEffect()	40	static
C:/TouchGFXProjects/TetrisGame/TouchGFX/gui/src/screen1_screen/Screen1View.cpp:408:6:void Screen1View::highlightScore()	0	static
C:/TouchGFXProjects/TetrisGame/TouchGFX/gui/src/screen1_screen/Screen1View.cpp:416:6:void Screen1View::updateScoreHighlight()	0	static
C:/TouchGFXProjects/TetrisGame/TouchGFX/gui/src/screen1_screen/Screen1View.cpp:460:6:void Screen1View::updateNextPieceDisplay()	24	static
C:/TouchGFXProjects/TetrisGame/TouchGFX/gui/src/screen1_screen/Screen1View.cpp:558:6:void Screen1View::updateBoardDisplay()	48	static
C:/TouchGFXProjects/TetrisGame/TouchGFX/gui/src/screen1_screen/Screen1View.cpp:307:6:void Screen1View::updateLineClearEffect()	240	static
C:/TouchGFXProjects/TetrisGame/TouchGFX/gui/src/screen1_screen/Screen1View.cpp:383:6:void Screen1View::updateGameOverEffect()	40	static
C:/TouchGFXProjects/TetrisGame/TouchGFX/gui/src/screen1_screen/Screen1View.cpp:591:6:bool Screen1View::checkCollision(int8_t, int8_t)	20	static
C:/TouchGFXProjects/TetrisGame/TouchGFX/gui/src/screen1_screen/Screen1View.cpp:647:6:void Screen1View::updateCurrentTetrominoUI()	48	static
C:/TouchGFXProjects/TetrisGame/TouchGFX/gui/src/screen1_screen/Screen1View.cpp:581:6:void Screen1View::updateTetrominoDisplay()	24	static
C:/TouchGFXProjects/TetrisGame/TouchGFX/gui/src/screen1_screen/Screen1View.cpp:605:6:void Screen1View::rotatePiece()	32	static
C:/TouchGFXProjects/TetrisGame/TouchGFX/gui/src/screen1_screen/Screen1View.cpp:678:6:void Screen1View::readHighScoreFromFlash()	0	static
C:/TouchGFXProjects/TetrisGame/TouchGFX/gui/src/screen1_screen/Screen1View.cpp:687:6:void Screen1View::writeHighScoreToFlash(uint32_t)	40	static
C:/TouchGFXProjects/TetrisGame/TouchGFX/gui/src/screen1_screen/Screen1View.cpp:708:6:void Screen1View::playSound(uint8_t, uint16_t)	16	static
C:/TouchGFXProjects/TetrisGame/TouchGFX/gui/src/screen1_screen/Screen1View.cpp:714:6:void Screen1View::stopSound()	16	static
C:/TouchGFXProjects/TetrisGame/TouchGFX/gui/src/screen1_screen/Screen1View.cpp:720:6:void Screen1View::playMoveSound()	0	static
C:/TouchGFXProjects/TetrisGame/TouchGFX/gui/src/screen1_screen/Screen1View.cpp:725:6:void Screen1View::playRotateSound()	0	static
C:/TouchGFXProjects/TetrisGame/TouchGFX/gui/src/screen1_screen/Screen1View.cpp:730:6:void Screen1View::playDropSound()	0	static
C:/TouchGFXProjects/TetrisGame/TouchGFX/gui/src/screen1_screen/Screen1View.cpp:235:6:void Screen1View::placePiece()	16	static
C:/TouchGFXProjects/TetrisGame/TouchGFX/gui/src/screen1_screen/Screen1View.cpp:735:6:void Screen1View::playLineClearSound()	8	static
C:/TouchGFXProjects/TetrisGame/TouchGFX/gui/src/screen1_screen/Screen1View.cpp:744:6:void Screen1View::playGameOverSound()	8	static
C:/TouchGFXProjects/TetrisGame/TouchGFX/gui/src/screen1_screen/Screen1View.cpp:427:6:void Screen1View::updateScoreDisplay()	24	static
C:/TouchGFXProjects/TetrisGame/TouchGFX/gui/src/screen1_screen/Screen1View.cpp:494:6:void Screen1View::resetGame()	48	static
C:/TouchGFXProjects/TetrisGame/TouchGFX/gui/src/screen1_screen/Screen1View.cpp:97:6:virtual void Screen1View::buttonClicked()	0	static
C:/TouchGFXProjects/TetrisGame/TouchGFX/gui/src/screen1_screen/Screen1View.cpp:755:6:void Screen1View::playLevelUpSound()	8	static
C:/TouchGFXProjects/TetrisGame/TouchGFX/gui/src/screen1_screen/Screen1View.cpp:249:5:int Screen1View::checkAndClearLines()	64	static
C:/TouchGFXProjects/TetrisGame/TouchGFX/gui/src/screen1_screen/Screen1View.cpp:766:6:void Screen1View::playFastDropSound()	0	static
C:/TouchGFXProjects/TetrisGame/TouchGFX/gui/src/screen1_screen/Screen1View.cpp:189:6:void Screen1View::handleControlInput()	24	static
C:/TouchGFXProjects/TetrisGame/TouchGFX/gui/src/screen1_screen/Screen1View.cpp:771:6:void Screen1View::playBackgroundMusic()	16	static
C:/TouchGFXProjects/TetrisGame/TouchGFX/gui/src/screen1_screen/Screen1View.cpp:108:6:virtual void Screen1View::handleTickEvent()	24	static
C:/TouchGFXProjects/TetrisGame/TouchGFX/gui/src/screen1_screen/Screen1View.cpp:789:6:void Screen1View::toggleBackgroundMusic()	0	static
C:/TouchGFXProjects/TetrisGame/TouchGFX/gui/src/screen1_screen/Screen1View.cpp:15:1:Screen1View::Screen1View()	88	static
C:/TouchGFXProjects/TetrisGame/TouchGFX/gui/src/screen1_screen/Screen1View.cpp:84:6:virtual void Screen1View::setupScreen()	16	static
